true <== , Set(SkillOwned(fresh)), Set(SkillOwned(fresh))
false <== , Set(SkillOwned(fresh)), Set(SkillRequired(hot))
false <== , Set(SkillOwned(fresh)), Set(SkillForbidden(fresh))
true <== , Set(SkillOwned(fresh)), Set(SkillRequired(fresh))
false <== , Set(SkillOwned(fresh)), Set(SkillRequired(fresh), SkillRequired(hot))
true <== , Set(SkillOwned(fresh)), Set(SkillOwned(fresh), SkillOwned(hot))
true <== , Set(SkillOwned(fresh)), Set(SkillOwned(hot), SkillRequired(fresh))
true <== , Set(SkillOwned(fresh)), Set()
false <== , Set(SkillRequired(hot)), Set(SkillOwned(fresh))
true <== , Set(SkillRequired(hot)), Set(SkillRequired(hot))
false <== , Set(SkillRequired(hot)), Set(SkillForbidden(fresh))
false <== , Set(SkillRequired(hot)), Set(SkillRequired(fresh))
false <== , Set(SkillRequired(hot)), Set(SkillRequired(fresh), SkillRequired(hot))
true <== , Set(SkillRequired(hot)), Set(SkillOwned(fresh), SkillOwned(hot))
false <== , Set(SkillRequired(hot)), Set(SkillOwned(hot), SkillRequired(fresh))
false <== , Set(SkillRequired(hot)), Set()
false <== , Set(SkillForbidden(fresh)), Set(SkillOwned(fresh))
false <== , Set(SkillForbidden(fresh)), Set(SkillRequired(hot))
true <== , Set(SkillForbidden(fresh)), Set(SkillForbidden(fresh))
false <== , Set(SkillForbidden(fresh)), Set(SkillRequired(fresh))
false <== , Set(SkillForbidden(fresh)), Set(SkillRequired(fresh), SkillRequired(hot))
false <== , Set(SkillForbidden(fresh)), Set(SkillOwned(fresh), SkillOwned(hot))
false <== , Set(SkillForbidden(fresh)), Set(SkillOwned(hot), SkillRequired(fresh))
true <== , Set(SkillForbidden(fresh)), Set()
true <== , Set(SkillRequired(fresh)), Set(SkillOwned(fresh))
false <== , Set(SkillRequired(fresh)), Set(SkillRequired(hot))
false <== , Set(SkillRequired(fresh)), Set(SkillForbidden(fresh))
true <== , Set(SkillRequired(fresh)), Set(SkillRequired(fresh))
false <== , Set(SkillRequired(fresh)), Set(SkillRequired(fresh), SkillRequired(hot))
true <== , Set(SkillRequired(fresh)), Set(SkillOwned(fresh), SkillOwned(hot))
true <== , Set(SkillRequired(fresh)), Set(SkillOwned(hot), SkillRequired(fresh))
false <== , Set(SkillRequired(fresh)), Set()
false <== , Set(SkillRequired(fresh), SkillRequired(hot)), Set(SkillOwned(fresh))
false <== , Set(SkillRequired(fresh), SkillRequired(hot)), Set(SkillRequired(hot))
false <== , Set(SkillRequired(fresh), SkillRequired(hot)), Set(SkillForbidden(fresh))
false <== , Set(SkillRequired(fresh), SkillRequired(hot)), Set(SkillRequired(fresh))
true <== , Set(SkillRequired(fresh), SkillRequired(hot)), Set(SkillRequired(fresh), SkillRequired(hot))
true <== , Set(SkillRequired(fresh), SkillRequired(hot)), Set(SkillOwned(fresh), SkillOwned(hot))
true <== , Set(SkillRequired(fresh), SkillRequired(hot)), Set(SkillOwned(hot), SkillRequired(fresh))
false <== , Set(SkillRequired(fresh), SkillRequired(hot)), Set()
true <== , Set(SkillOwned(fresh), SkillOwned(hot)), Set(SkillOwned(fresh))
true <== , Set(SkillOwned(fresh), SkillOwned(hot)), Set(SkillRequired(hot))
false <== , Set(SkillOwned(fresh), SkillOwned(hot)), Set(SkillForbidden(fresh))
true <== , Set(SkillOwned(fresh), SkillOwned(hot)), Set(SkillRequired(fresh))
true <== , Set(SkillOwned(fresh), SkillOwned(hot)), Set(SkillRequired(fresh), SkillRequired(hot))
true <== , Set(SkillOwned(fresh), SkillOwned(hot)), Set(SkillOwned(fresh), SkillOwned(hot))
true <== , Set(SkillOwned(fresh), SkillOwned(hot)), Set(SkillOwned(hot), SkillRequired(fresh))
true <== , Set(SkillOwned(fresh), SkillOwned(hot)), Set()
true <== , Set(SkillOwned(hot), SkillRequired(fresh)), Set(SkillOwned(fresh))
false <== , Set(SkillOwned(hot), SkillRequired(fresh)), Set(SkillRequired(hot))
false <== , Set(SkillOwned(hot), SkillRequired(fresh)), Set(SkillForbidden(fresh))
true <== , Set(SkillOwned(hot), SkillRequired(fresh)), Set(SkillRequired(fresh))
true <== , Set(SkillOwned(hot), SkillRequired(fresh)), Set(SkillRequired(fresh), SkillRequired(hot))
true <== , Set(SkillOwned(hot), SkillRequired(fresh)), Set(SkillOwned(fresh), SkillOwned(hot))
true <== , Set(SkillOwned(hot), SkillRequired(fresh)), Set(SkillOwned(hot), SkillRequired(fresh))
false <== , Set(SkillOwned(hot), SkillRequired(fresh)), Set()
true <== , Set(), Set(SkillOwned(fresh))
false <== , Set(), Set(SkillRequired(hot))
true <== , Set(), Set(SkillForbidden(fresh))
false <== , Set(), Set(SkillRequired(fresh))
false <== , Set(), Set(SkillRequired(fresh), SkillRequired(hot))
true <== , Set(), Set(SkillOwned(fresh), SkillOwned(hot))
false <== , Set(), Set(SkillOwned(hot), SkillRequired(fresh))
true <== , Set(), Set()
