true <== , Set(Owned(fresh)), Set(Owned(fresh))
false <== , Set(Owned(fresh)), Set(Required(hot))
false <== , Set(Owned(fresh)), Set(Forbidden(fresh))
true <== , Set(Owned(fresh)), Set(Required(fresh))
false <== , Set(Owned(fresh)), Set(Required(fresh), Required(hot))
true <== , Set(Owned(fresh)), Set(Owned(fresh), Owned(hot))
true <== , Set(Owned(fresh)), Set(Owned(hot), Required(fresh))
true <== , Set(Owned(fresh)), Set()
false <== , Set(Required(hot)), Set(Owned(fresh))
true <== , Set(Required(hot)), Set(Required(hot))
false <== , Set(Required(hot)), Set(Forbidden(fresh))
false <== , Set(Required(hot)), Set(Required(fresh))
false <== , Set(Required(hot)), Set(Required(fresh), Required(hot))
true <== , Set(Required(hot)), Set(Owned(fresh), Owned(hot))
false <== , Set(Required(hot)), Set(Owned(hot), Required(fresh))
false <== , Set(Required(hot)), Set()
false <== , Set(Forbidden(fresh)), Set(Owned(fresh))
false <== , Set(Forbidden(fresh)), Set(Required(hot))
true <== , Set(Forbidden(fresh)), Set(Forbidden(fresh))
false <== , Set(Forbidden(fresh)), Set(Required(fresh))
false <== , Set(Forbidden(fresh)), Set(Required(fresh), Required(hot))
false <== , Set(Forbidden(fresh)), Set(Owned(fresh), Owned(hot))
false <== , Set(Forbidden(fresh)), Set(Owned(hot), Required(fresh))
true <== , Set(Forbidden(fresh)), Set()
true <== , Set(Required(fresh)), Set(Owned(fresh))
false <== , Set(Required(fresh)), Set(Required(hot))
false <== , Set(Required(fresh)), Set(Forbidden(fresh))
true <== , Set(Required(fresh)), Set(Required(fresh))
false <== , Set(Required(fresh)), Set(Required(fresh), Required(hot))
true <== , Set(Required(fresh)), Set(Owned(fresh), Owned(hot))
true <== , Set(Required(fresh)), Set(Owned(hot), Required(fresh))
false <== , Set(Required(fresh)), Set()
false <== , Set(Required(fresh), Required(hot)), Set(Owned(fresh))
false <== , Set(Required(fresh), Required(hot)), Set(Required(hot))
false <== , Set(Required(fresh), Required(hot)), Set(Forbidden(fresh))
false <== , Set(Required(fresh), Required(hot)), Set(Required(fresh))
true <== , Set(Required(fresh), Required(hot)), Set(Required(fresh), Required(hot))
true <== , Set(Required(fresh), Required(hot)), Set(Owned(fresh), Owned(hot))
true <== , Set(Required(fresh), Required(hot)), Set(Owned(hot), Required(fresh))
false <== , Set(Required(fresh), Required(hot)), Set()
true <== , Set(Owned(fresh), Owned(hot)), Set(Owned(fresh))
true <== , Set(Owned(fresh), Owned(hot)), Set(Required(hot))
false <== , Set(Owned(fresh), Owned(hot)), Set(Forbidden(fresh))
true <== , Set(Owned(fresh), Owned(hot)), Set(Required(fresh))
true <== , Set(Owned(fresh), Owned(hot)), Set(Required(fresh), Required(hot))
true <== , Set(Owned(fresh), Owned(hot)), Set(Owned(fresh), Owned(hot))
true <== , Set(Owned(fresh), Owned(hot)), Set(Owned(hot), Required(fresh))
true <== , Set(Owned(fresh), Owned(hot)), Set()
true <== , Set(Owned(hot), Required(fresh)), Set(Owned(fresh))
false <== , Set(Owned(hot), Required(fresh)), Set(Required(hot))
false <== , Set(Owned(hot), Required(fresh)), Set(Forbidden(fresh))
true <== , Set(Owned(hot), Required(fresh)), Set(Required(fresh))
true <== , Set(Owned(hot), Required(fresh)), Set(Required(fresh), Required(hot))
true <== , Set(Owned(hot), Required(fresh)), Set(Owned(fresh), Owned(hot))
true <== , Set(Owned(hot), Required(fresh)), Set(Owned(hot), Required(fresh))
false <== , Set(Owned(hot), Required(fresh)), Set()
true <== , Set(), Set(Owned(fresh))
false <== , Set(), Set(Required(hot))
true <== , Set(), Set(Forbidden(fresh))
false <== , Set(), Set(Required(fresh))
false <== , Set(), Set(Required(fresh), Required(hot))
true <== , Set(), Set(Owned(fresh), Owned(hot))
false <== , Set(), Set(Owned(hot), Required(fresh))
true <== , Set(), Set()
