true <== , Set(OwnedSkill(fresh)), Set(OwnedSkill(fresh))
false <== , Set(OwnedSkill(fresh)), Set(RequiredSkill(hot))
false <== , Set(OwnedSkill(fresh)), Set(SkillForbidden(fresh))
true <== , Set(OwnedSkill(fresh)), Set(RequiredSkill(fresh))
false <== , Set(OwnedSkill(fresh)), Set(RequiredSkill(fresh), RequiredSkill(hot))
true <== , Set(OwnedSkill(fresh)), Set(OwnedSkill(fresh), OwnedSkill(hot))
true <== , Set(OwnedSkill(fresh)), Set(OwnedSkill(hot), RequiredSkill(fresh))
true <== , Set(OwnedSkill(fresh)), Set()
false <== , Set(RequiredSkill(hot)), Set(OwnedSkill(fresh))
true <== , Set(RequiredSkill(hot)), Set(RequiredSkill(hot))
false <== , Set(RequiredSkill(hot)), Set(SkillForbidden(fresh))
false <== , Set(RequiredSkill(hot)), Set(RequiredSkill(fresh))
false <== , Set(RequiredSkill(hot)), Set(RequiredSkill(fresh), RequiredSkill(hot))
true <== , Set(RequiredSkill(hot)), Set(OwnedSkill(fresh), OwnedSkill(hot))
false <== , Set(RequiredSkill(hot)), Set(OwnedSkill(hot), RequiredSkill(fresh))
false <== , Set(RequiredSkill(hot)), Set()
false <== , Set(SkillForbidden(fresh)), Set(OwnedSkill(fresh))
false <== , Set(SkillForbidden(fresh)), Set(RequiredSkill(hot))
true <== , Set(SkillForbidden(fresh)), Set(SkillForbidden(fresh))
false <== , Set(SkillForbidden(fresh)), Set(RequiredSkill(fresh))
false <== , Set(SkillForbidden(fresh)), Set(RequiredSkill(fresh), RequiredSkill(hot))
false <== , Set(SkillForbidden(fresh)), Set(OwnedSkill(fresh), OwnedSkill(hot))
false <== , Set(SkillForbidden(fresh)), Set(OwnedSkill(hot), RequiredSkill(fresh))
true <== , Set(SkillForbidden(fresh)), Set()
true <== , Set(RequiredSkill(fresh)), Set(OwnedSkill(fresh))
false <== , Set(RequiredSkill(fresh)), Set(RequiredSkill(hot))
false <== , Set(RequiredSkill(fresh)), Set(SkillForbidden(fresh))
true <== , Set(RequiredSkill(fresh)), Set(RequiredSkill(fresh))
false <== , Set(RequiredSkill(fresh)), Set(RequiredSkill(fresh), RequiredSkill(hot))
true <== , Set(RequiredSkill(fresh)), Set(OwnedSkill(fresh), OwnedSkill(hot))
true <== , Set(RequiredSkill(fresh)), Set(OwnedSkill(hot), RequiredSkill(fresh))
false <== , Set(RequiredSkill(fresh)), Set()
false <== , Set(RequiredSkill(fresh), RequiredSkill(hot)), Set(OwnedSkill(fresh))
false <== , Set(RequiredSkill(fresh), RequiredSkill(hot)), Set(RequiredSkill(hot))
false <== , Set(RequiredSkill(fresh), RequiredSkill(hot)), Set(SkillForbidden(fresh))
false <== , Set(RequiredSkill(fresh), RequiredSkill(hot)), Set(RequiredSkill(fresh))
true <== , Set(RequiredSkill(fresh), RequiredSkill(hot)), Set(RequiredSkill(fresh), RequiredSkill(hot))
true <== , Set(RequiredSkill(fresh), RequiredSkill(hot)), Set(OwnedSkill(fresh), OwnedSkill(hot))
true <== , Set(RequiredSkill(fresh), RequiredSkill(hot)), Set(OwnedSkill(hot), RequiredSkill(fresh))
false <== , Set(RequiredSkill(fresh), RequiredSkill(hot)), Set()
true <== , Set(OwnedSkill(fresh), OwnedSkill(hot)), Set(OwnedSkill(fresh))
true <== , Set(OwnedSkill(fresh), OwnedSkill(hot)), Set(RequiredSkill(hot))
false <== , Set(OwnedSkill(fresh), OwnedSkill(hot)), Set(SkillForbidden(fresh))
true <== , Set(OwnedSkill(fresh), OwnedSkill(hot)), Set(RequiredSkill(fresh))
true <== , Set(OwnedSkill(fresh), OwnedSkill(hot)), Set(RequiredSkill(fresh), RequiredSkill(hot))
true <== , Set(OwnedSkill(fresh), OwnedSkill(hot)), Set(OwnedSkill(fresh), OwnedSkill(hot))
true <== , Set(OwnedSkill(fresh), OwnedSkill(hot)), Set(OwnedSkill(hot), RequiredSkill(fresh))
true <== , Set(OwnedSkill(fresh), OwnedSkill(hot)), Set()
true <== , Set(OwnedSkill(hot), RequiredSkill(fresh)), Set(OwnedSkill(fresh))
false <== , Set(OwnedSkill(hot), RequiredSkill(fresh)), Set(RequiredSkill(hot))
false <== , Set(OwnedSkill(hot), RequiredSkill(fresh)), Set(SkillForbidden(fresh))
true <== , Set(OwnedSkill(hot), RequiredSkill(fresh)), Set(RequiredSkill(fresh))
true <== , Set(OwnedSkill(hot), RequiredSkill(fresh)), Set(RequiredSkill(fresh), RequiredSkill(hot))
true <== , Set(OwnedSkill(hot), RequiredSkill(fresh)), Set(OwnedSkill(fresh), OwnedSkill(hot))
true <== , Set(OwnedSkill(hot), RequiredSkill(fresh)), Set(OwnedSkill(hot), RequiredSkill(fresh))
false <== , Set(OwnedSkill(hot), RequiredSkill(fresh)), Set()
true <== , Set(), Set(OwnedSkill(fresh))
false <== , Set(), Set(RequiredSkill(hot))
true <== , Set(), Set(SkillForbidden(fresh))
false <== , Set(), Set(RequiredSkill(fresh))
false <== , Set(), Set(RequiredSkill(fresh), RequiredSkill(hot))
true <== , Set(), Set(OwnedSkill(fresh), OwnedSkill(hot))
false <== , Set(), Set(OwnedSkill(hot), RequiredSkill(fresh))
true <== , Set(), Set()
